error: No session left
error: No session left
error: No session left
error: No session left
error: No session left
error: No session left
error: No session left
error: No session left
error: undefined
error: undefined
error: undefined
error: undefined
error: undefined
error: undefined
error: undefined
error: undefined
error: undefined
error: undefined
error: undefined
error: undefined
error: undefined
error: undefined
error: No session left
error: No session left
error: No session left
error: failregister
